app/courses/page.tsx(148,36): error TS2322: Type 'Dispatch<SetStateAction<string>>' is not assignable to type '(value: string | null, eventDetails: SelectRootChangeEventDetails) => void'.
  Types of parameters 'value' and 'value' are incompatible.
    Type 'string | null' is not assignable to type 'SetStateAction<string>'.
      Type 'null' is not assignable to type 'SetStateAction<string>'.
app/faculty/page.tsx(127,36): error TS2322: Type 'Dispatch<SetStateAction<string>>' is not assignable to type '(value: string | null, eventDetails: SelectRootChangeEventDetails) => void'.
  Types of parameters 'value' and 'value' are incompatible.
    Type 'string | null' is not assignable to type 'SetStateAction<string>'.
      Type 'null' is not assignable to type 'SetStateAction<string>'.
app/students/page.tsx(146,36): error TS2322: Type 'Dispatch<SetStateAction<string>>' is not assignable to type '(value: string | null, eventDetails: SelectRootChangeEventDetails) => void'.
  Types of parameters 'value' and 'value' are incompatible.
    Type 'string | null' is not assignable to type 'SetStateAction<string>'.
      Type 'null' is not assignable to type 'SetStateAction<string>'.
app/students/page.tsx(158,36): error TS2322: Type 'Dispatch<SetStateAction<string>>' is not assignable to type '(value: string | null, eventDetails: SelectRootChangeEventDetails) => void'.
  Types of parameters 'value' and 'value' are incompatible.
    Type 'string | null' is not assignable to type 'SetStateAction<string>'.
      Type 'null' is not assignable to type 'SetStateAction<string>'.
components/faculty/BulkAssignForm.tsx(21,41): error TS2307: Cannot find module '@/components/ui/alert' or its corresponding type declarations.
components/faculty/BulkAssignForm.tsx(38,5): error TS2322: Type 'Resolver<{ courseId: unknown; studentIds: { value: unknown; }[]; }, any, { courseId: number; studentIds: { value: number; }[]; }>' is not assignable to type 'Resolver<{ courseId: number; studentIds: { value: number; }[]; }, any, { courseId: number; studentIds: { value: number; }[]; }>'.
  Types of parameters 'options' and 'options' are incompatible.
    Type 'ResolverOptions<{ courseId: number; studentIds: { value: number; }[]; }>' is not assignable to type 'ResolverOptions<{ courseId: unknown; studentIds: { value: unknown; }[]; }>'.
      Types of property 'names' are incompatible.
        Type 'string[] | undefined' is not assignable to type '("courseId" | "studentIds")[] | undefined'.
          Type 'string[]' is not assignable to type '("courseId" | "studentIds")[]'.
            Type 'string' is not assignable to type '"courseId" | "studentIds"'.
components/faculty/BulkAssignForm.tsx(94,34): error TS2345: Argument of type '(data: AssignmentSchemaType) => Promise<void>' is not assignable to parameter of type 'SubmitHandler<TFieldValues>'.
  Types of parameters 'data' and 'data' are incompatible.
    Type 'TFieldValues' is not assignable to type '{ courseId: number; studentIds: { value: number; }[]; }'.
      Type 'FieldValues' is missing the following properties from type '{ courseId: number; studentIds: { value: number; }[]; }': courseId, studentIds
components/faculty/BulkGradeForm.tsx(23,53): error TS2307: Cannot find module '@/components/ui/alert' or its corresponding type declarations.
components/faculty/BulkGradeForm.tsx(46,5): error TS2322: Type 'Resolver<{ courseId: unknown; grades: { studentId: number; courseId: number; score: unknown; grade: string; semester: string; existingGradeId?: number | undefined; }[]; }, any, { courseId: number; grades: { studentId: number; ... 4 more ...; existingGradeId?: number | undefined; }[]; }>' is not assignable to type 'Resolver<{ courseId: number; grades: { studentId: number; courseId: number; score: number; grade: string; semester: string; existingGradeId?: number | undefined; }[]; }, any, { courseId: number; grades: { ...; }[]; }>'.
  Types of parameters 'options' and 'options' are incompatible.
    Type 'ResolverOptions<{ courseId: number; grades: { studentId: number; courseId: number; score: number; grade: string; semester: string; existingGradeId?: number | undefined; }[]; }>' is not assignable to type 'ResolverOptions<{ courseId: unknown; grades: { studentId: number; courseId: number; score: unknown; grade: string; semester: string; existingGradeId?: number | undefined; }[]; }>'.
      Types of property 'names' are incompatible.
        Type 'string[] | undefined' is not assignable to type '("courseId" | "grades")[] | undefined'.
          Type 'string[]' is not assignable to type '("courseId" | "grades")[]'.
            Type 'string' is not assignable to type '"courseId" | "grades"'.
components/faculty/BulkGradeForm.tsx(171,34): error TS2345: Argument of type '(data: BulkGradeSchemaType) => Promise<void>' is not assignable to parameter of type 'SubmitHandler<TFieldValues>'.
  Types of parameters 'data' and 'data' are incompatible.
    Type 'TFieldValues' is not assignable to type '{ courseId: number; grades: { studentId: number; courseId: number; score: number; grade: string; semester: string; existingGradeId?: number | undefined; }[]; }'.
      Type 'FieldValues' is missing the following properties from type '{ courseId: number; grades: { studentId: number; courseId: number; score: number; grade: string; semester: string; existingGradeId?: number | undefined; }[]; }': courseId, grades
components/faculty/BulkGradeForm.tsx(270,94): error TS2345: Argument of type 'string | null' is not assignable to parameter of type 'string'.
  Type 'null' is not assignable to type 'string'.
components/layout/Header.tsx(61,23): error TS2322: Type '{ children: Element; asChild: true; }' is not assignable to type 'IntrinsicAttributes & Props<unknown>'.
  Property 'asChild' does not exist on type 'IntrinsicAttributes & Props<unknown>'.
